// Jest Snapshot v1, https://goo.gl/fbAQLP

exports[`App should matchsnapshot 1`] = `
<BrowserRouter>
  <div
    className="App"
  >
    <p />
    <span
      className="header"
    >
      <h1
        className="welcome-title"
      >
        S†ra√an†
      </h1>
    </span>
    <div
      className="required-logo"
    >
      <img
        alt="required strava logo"
        className="strava-powered"
        height="40"
        src="powered-by-strava.png"
        width="150"
      />
      <i
        class="fab fa-strava"
      />
    </div>
  </div>
</BrowserRouter>
`;
